ARM Linker, 5.03 [Build 76] [MDK-ARM Standard]

==============================================================================

Section Cross References

    cmdprocess.o(.text) refers to command.o(.text) for cmd_get
    cmdprocess.o(.text) refers to unitshare_attr.o(.text) for Set_UnitChecking_Attr
    cmdprocess.o(.text) refers to upload.o(.text) for Upload
    cmdprocess.o(.text) refers to bestfulib.o(.text) for memmove
    cmdprocess.o(.text) refers to object.o(.text) for Object_Check
    cmdprocess.o(.text) refers to instruct.o(.text) for Instruct
    cmdprocess.o(.text) refers to msgpackage.o(.text) for Msg_Feedback
    cmdprocess.o(.text) refers to fifo.o(.text) for fifo_Init
    cmdprocess.o(.text) refers to thread.o(.text) for Thread_Login
    cmdprocess.o(.text) refers to object.o(.data) for DelayID
    cmdprocess.o(.text) refers to userdata.o(.bss) for gSysData
    cmdprocess.o(.text) refers to cmdprocess.o(.bss) for send_433
    cmdprocess.o(.text) refers to unitcfg.o(.constdata) for UnitTab
    cmdprocess.o(.text) refers to unitcfg.o(.bss) for gUnitData
    cmdprocess.o(.text) refers to si4432.o(.text) for Si4432_Send
    command.o(.text) refers to fifo.o(.text) for fifo_empty
    command.o(.text) refers to crc.o(.text) for ChkCrcValue
    command.o(.text) refers to command.o(.constdata) for HeadCMD
    crc.o(.text) refers to crc.o(.constdata) for CRCTable
    delay.o(.text) refers to wdg.o(.text) for WDG_Feed
    eeprom.o(.text) refers to i2c.o(.text) for IIC_Read
    eeprom.o(.text) refers to faultmanage.o(.text) for Fault_Upload
    faultmanage.o(.text) refers to upload.o(.text) for Upload_Fault
    faultmanage.o(.text) refers to thread.o(.text) for Thread_Logout
    faultmanage.o(.text) refers to wdg.o(.text) for WDG_FeedOFF
    faultmanage.o(.text) refers to userdata.o(.text) for FaultData_Save
    faultmanage.o(.text) refers to instruct.o(.text) for Instruct_Run
    fifo.o(.text) refers to bestfulib.o(.text) for memcpy
    flashattr.o(.text) refers to updata.o(.text) for Updata_Check
    flashattr.o(.text) refers to wdg.o(.text) for WDG_Feed
    flashattr.o(.text) refers to thread.o(.text) for Thread_Login
    flashattr.o(.text) refers to flashattr.o(.data) for Version
    flashattr.o(.text) refers to si4432.o(.text) for Si4432_Init
    linkscanfifo.o(.text) refers to fifo.o(.text) for fifo_Init
    linkscanfifo.o(.text) refers to linksrc.o(.text) for LinkSrcExe
    linkscanfifo.o(.text) refers to thread.o(.text) for Thread_Login
    linkscanfifo.o(.text) refers to upload.o(.text) for Upload
    linkscanfifo.o(.text) refers to linkscanfifo.o(.bss) for propbuf
    linkscanfifo.o(.text) refers to unitcfg.o(.bss) for gUnitData
    linksimplest.o(.text) refers to eeprom.o(.text) for ReadDataFromEEPROM
    linksimplest.o(.text) refers to bestfulib.o(.text) for memset
    linksimplest.o(.text) refers to linksimplest.o(.bss) for ALink
    linksrc.o(.text) refers to linksimplest.o(.text) for ALinkInit
    linksrc.o(.text) refers to msgpackage.o(.text) for Msg_Send
    linksrc.o(.text) refers to linksimplest.o(.bss) for ALink
    linkwrdc.o(.text) refers to linksimplest.o(.text) for CheckALinkFull
    linkwrdc.o(.text) refers to bestfulib.o(.text) for memset
    linkwrdc.o(.text) refers to eeprom.o(.text) for WriteDataToEEPROM
    linkwrdc.o(.text) refers to linksimplest.o(.bss) for ALink
    msgpackage.o(.text) refers to command.o(.text) for cmd_put
    msgpackage.o(.text) refers to bestfulib.o(.text) for memcpy
    msgpackage.o(.text) refers to userdata.o(.bss) for gSysData
    msgpackage.o(.text) refers to msgpackage.o(.data) for serialNum
    msgpackage.o(.text) refers to cmdprocess.o(.bss) for rcv433fifo
    object.o(.text) refers to unitcfg.o(.text) for UnitCnt_Get
    object.o(.text) refers to bestfulib.o(.text) for memmove
    object.o(.text) refers to userdata.o(.text) for GroupEEPROM_Get
    object.o(.text) refers to unitcfg.o(.bss) for gUnitData
    object.o(.text) refers to object.o(.bss) for srcID
    object.o(.text) refers to object.o(.data) for seat
    object.o(.text) refers to userdata.o(.bss) for gSysData
    scene&group.o(.text) refers to object.o(.text) for Check_Area
    scene&group.o(.text) refers to unitcfg.o(.text) for UnitCnt_Get
    scene&group.o(.text) refers to userdata.o(.text) for SceneEEPROM_Set
    scene&group.o(.text) refers to bestfulib.o(.text) for memmove
    sysexeattr.o(.text) refers to userdata.o(.text) for UserData_Init
    sysexeattr.o(.text) refers to userdatadownload.o(.text) for UserDataDownload_Init
    sysexeattr.o(.text) refers to linksrc.o(.text) for LinkInit
    sysexeattr.o(.text) refers to linkscanfifo.o(.text) for PropFifoInit
    sysexeattr.o(.text) refers to upload.o(.text) for Upload_Fault
    sysexeattr.o(.text) refers to unitcfg.o(.text) for UnitCnt_Get
    sysexeattr.o(.text) refers to userdata.o(.bss) for gSysData
    sysexeattr.o(.text) refers to unitcfg.o(.bss) for gUnitData
[...]
    rtexit2.o(.ARM.Collect$$rtexit$$00000003) refers to libshutdown.o(.ARM.Collect$$libshutdown$$00000000) for __rt_lib_shutdown
    rtexit2.o(.ARM.Collect$$rtexit$$00000004) refers to sys_exit.o(.text) for _sys_exit
    rtexit2.o(.ARM.exidx) refers to rtexit2.o(.ARM.Collect$$rtexit$$00000001) for .ARM.Collect$$rtexit$$00000001
    rtexit2.o(.ARM.exidx) refers to rtexit2.o(.ARM.Collect$$rtexit$$00000003) for .ARM.Collect$$rtexit$$00000003
    rtexit2.o(.ARM.exidx) refers to rtexit2.o(.ARM.Collect$$rtexit$$00000004) for .ARM.Collect$$rtexit$$00000004
    argv_veneer.o(.emb_text) refers to no_argv.o(.text) for __ARM_get_argv
    sys_exit.o(.text) refers (Special) to use_no_semi.o(.text) for __I$use$semihosting
    sys_exit.o(.text) refers (Special) to indicate_semi.o(.text) for __semihosting_library_function
    _get_argv_nomalloc.o(.text) refers (Special) to hrguard.o(.text) for __heap_region$guard
    _get_argv_nomalloc.o(.text) refers to defsig_rtmem_outer.o(.text) for __rt_SIGRTMEM
    _get_argv_nomalloc.o(.text) refers to sys_command.o(.text) for _sys_command_string
    libshutdown.o(.ARM.Collect$$libshutdown$$00000000) refers (Special) to libshutdown2.o(.ARM.Collect$$libshutdown$$00000006) for __rt_lib_shutdown_fp_trap_1
    libshutdown.o(.ARM.Collect$$libshutdown$$00000000) refers (Special) to libshutdown2.o(.ARM.Collect$$libshutdown$$0000000E) for __rt_lib_shutdown_heap_1
    libshutdown.o(.ARM.Collect$$libshutdown$$00000000) refers (Special) to libshutdown2.o(.ARM.Collect$$libshutdown$$0000000F) for __rt_lib_shutdown_return
    libshutdown.o(.ARM.Collect$$libshutdown$$00000000) refers (Special) to libshutdown2.o(.ARM.Collect$$libshutdown$$00000009) for __rt_lib_shutdown_signal_1
    libshutdown.o(.ARM.Collect$$libshutdown$$00000000) refers (Special) to libshutdown2.o(.ARM.Collect$$libshutdown$$00000003) for __rt_lib_shutdown_stdio_1
    libshutdown.o(.ARM.Collect$$libshutdown$$00000000) refers (Special) to libshutdown2.o(.ARM.Collect$$libshutdown$$0000000B) for __rt_lib_shutdown_user_alloc_1
    sys_command.o(.text) refers (Special) to use_no_semi.o(.text) for __I$use$semihosting
    sys_command.o(.text) refers (Special) to indicate_semi.o(.text) for __semihosting_library_function
    defsig_rtmem_outer.o(.text) refers to defsig_rtmem_inner.o(.text) for __rt_SIGRTMEM_inner
    defsig_rtmem_outer.o(.text) refers to defsig_exit.o(.text) for __sig_exit
    defsig_rtmem_formal.o(.text) refers to rt_raise.o(.text) for __rt_raise
    rt_raise.o(.text) refers to __raise.o(.text) for __raise
    rt_raise.o(.text) refers to sys_exit.o(.text) for _sys_exit
    defsig_exit.o(.text) refers to sys_exit.o(.text) for _sys_exit
    defsig_rtmem_inner.o(.text) refers to defsig_general.o(.text) for __default_signal_display
    __raise.o(.text) refers to defsig.o(CL$$defsig) for __default_signal_handler
    defsig_general.o(.text) refers to sys_wrch.o(.text) for _ttywrch
    sys_wrch.o(.text) refers (Special) to use_no_semi.o(.text) for __I$use$semihosting
    sys_wrch.o(.text) refers (Special) to indicate_semi.o(.text) for __semihosting_library_function
    defsig.o(CL$$defsig) refers to defsig_rtmem_inner.o(.text) for __rt_SIGRTMEM_inner
    defsig_abrt_inner.o(.text) refers to defsig_general.o(.text) for __default_signal_display
    defsig_fpe_inner.o(.text) refers to defsig_general.o(.text) for __default_signal_display
    defsig_rtred_inner.o(.text) refers to defsig_general.o(.text) for __default_signal_display
    defsig_stak_inner.o(.text) refers to defsig_general.o(.text) for __default_signal_display
    defsig_pvfn_inner.o(.text) refers to defsig_general.o(.text) for __default_signal_display
    defsig_cppl_inner.o(.text) refers to defsig_general.o(.text) for __default_signal_display
    defsig_segv_inner.o(.text) refers to defsig_general.o(.text) for __default_signal_display
    defsig_other.o(.text) refers to defsig_general.o(.text) for __default_signal_display


==============================================================================

Removing Unused input sections from the image.

    Removing sys.o(.emb_text), (8 bytes).
    Removing sigactexeattr.o(.data), (1 bytes).

2 unused section(s) (total 9 bytes) removed from the image.

==============================================================================

Image Symbol Table

    Local Symbols

    Symbol Name                              Value     Ov Type        Size  Object(Section)

    ../clib/angel/boardlib.s                 0x00000000   Number         0  boardinit1.o ABSOLUTE
    ../clib/angel/boardlib.s                 0x00000000   Number         0  boardinit3.o ABSOLUTE
    ../clib/angel/boardlib.s                 0x00000000   Number         0  boardinit2.o ABSOLUTE
    ../clib/angel/boardlib.s                 0x00000000   Number         0  boardshut.o ABSOLUTE
    ../clib/angel/handlers.s                 0x00000000   Number         0  __scatter_zi.o ABSOLUTE
    ../clib/angel/handlers.s                 0x00000000   Number         0  __scatter_copy.o ABSOLUTE
    ../clib/angel/kernel.s                   0x00000000   Number         0  rtentry.o ABSOLUTE
    ../clib/angel/kernel.s                   0x00000000   Number         0  rtexit.o ABSOLUTE
    ../clib/angel/kernel.s                   0x00000000   Number         0  rtentry2.o ABSOLUTE
    ../clib/angel/kernel.s                   0x00000000   Number         0  rtentry4.o ABSOLUTE
    ../clib/angel/kernel.s                   0x00000000   Number         0  rtexit2.o ABSOLUTE
    ../clib/angel/rt.s                       0x00000000   Number         0  rt_raise.o ABSOLUTE
    ../clib/angel/scatter.s                  0x00000000   Number         0  __scatter.o ABSOLUTE
    ../clib/angel/startup.s                  0x00000000   Number         0  __main.o ABSOLUTE
    ../clib/angel/sys.s                      0x00000000   Number         0  sys_stackheap_outer.o ABSOLUTE
    ../clib/angel/sys.s                      0x00000000   Number         0  use_no_semi.o ABSOLUTE
    ../clib/angel/sys.s                      0x00000000   Number         0  indicate_semi.o ABSOLUTE
    ../clib/angel/sys.s                      0x00000000   Number         0  libspace.o ABSOLUTE
    ../clib/angel/sysapp.c                   0x00000000   Number         0  sys_wrch.o ABSOLUTE
    ../clib/angel/sysapp.c                   0x00000000   Number         0  sys_command.o ABSOLUTE
    ../clib/angel/sysapp.c                   0x00000000   Number         0  sys_exit.o ABSOLUTE
    ../clib/armsys.c                         0x00000000   Number         0  no_argv.o ABSOLUTE
    ../clib/armsys.c                         0x00000000   Number         0  _get_argv_nomalloc.o ABSOLUTE
    ../clib/armsys.c                         0x00000000   Number         0  argv_veneer.o ABSOLUTE
    ../clib/armsys.c                         0x00000000   Number         0  argv_veneer.o ABSOLUTE
    ../clib/heapalloc.c                      0x00000000   Number         0  hrguard.o ABSOLUTE
    ../clib/heapaux.c                        0x00000000   Number         0  heapauxi.o ABSOLUTE
    ../clib/libinit.s                        0x00000000   Number         0  libshutdown2.o ABSOLUTE
    ../clib/libinit.s                        0x00000000   Number         0  libinit.o ABSOLUTE
    ../clib/libinit.s                        0x00000000   Number         0  libshutdown.o ABSOLUTE
    ../clib/libinit.s                        0x00000000   Number         0  libinit2.o ABSOLUTE
    ../clib/signal.c                         0x00000000   Number         0  defsig_general.o ABSOLUTE
    ../clib/signal.c                         0x00000000   Number         0  __raise.o ABSOLUTE
    ../clib/signal.c                         0x00000000   Number         0  defsig_rtmem_inner.o ABSOLUTE
    ../clib/signal.c                         0x00000000   Number         0  defsig_exit.o ABSOLUTE
    ../clib/signal.c                         0x00000000   Number         0  defsig_rtmem_formal.o ABSOLUTE
    ../clib/signal.c                         0x00000000   Number         0  defsig_fpe_inner.o ABSOLUTE
    ../clib/signal.c                         0x00000000   Number         0  defsig_stak_inner.o ABSOLUTE
    ../clib/signal.c                         0x00000000   Number         0  defsig_rtmem_outer.o ABSOLUTE
    ../clib/signal.c                         0x00000000   Number         0  defsig_pvfn_inner.o ABSOLUTE
    ../clib/signal.c                         0x00000000   Number         0  defsig_rtred_inner.o ABSOLUTE
    ../clib/signal.c                         0x00000000   Number         0  defsig_abrt_inner.o ABSOLUTE
    ../clib/signal.c                         0x00000000   Number         0  defsig_other.o ABSOLUTE
    ../clib/signal.c                         0x00000000   Number         0  defsig_segv_inner.o ABSOLUTE
    ../clib/signal.c                         0x00000000   Number         0  defsig_cppl_inner.o ABSOLUTE
    ../clib/signal.s                         0x00000000   Number         0  defsig.o ABSOLUTE
    ../clib/stdlib.c                         0x00000000   Number         0  exit.o ABSOLUTE
    ../fplib/daddsub.s                       0x00000000   Number         0  daddsub_clz.o ABSOLUTE
    ../fplib/dfixu.s                         0x00000000   Number         0  dfixu.o ABSOLUTE
    ../fplib/dflt.s                          0x00000000   Number         0  dflt_clz.o ABSOLUTE
    ../fplib/dmul.s                          0x00000000   Number         0  dmul.o ABSOLUTE
    ../fplib/dnaninf.s                       0x00000000   Number         0  dnaninf.o ABSOLUTE
    ../fplib/dretinf.s                       0x00000000   Number         0  dretinf.o ABSOLUTE
    ../fplib/fpinit.s                        0x00000000   Number         0  fpinit.o ABSOLUTE
    ../fplib/usenofp.s                       0x00000000   Number         0  usenofp.o ABSOLUTE
    ..\..\Lib_code\App\UnitCfg.c             0x00000000   Number         0  unitcfg.o ABSOLUTE
    ..\..\Lib_code\App\main.c                0x00000000   Number         0  main.o ABSOLUTE
    ..\..\Lib_code\SysLib\BestFuLib.c        0x00000000   Number         0  bestfulib.o ABSOLUTE
    ..\..\Lib_code\SysLib\CMDProcess.c       0x00000000   Number         0  cmdprocess.o ABSOLUTE
    ..\..\Lib_code\SysLib\CRC.c              0x00000000   Number         0  crc.o ABSOLUTE
    ..\..\Lib_code\SysLib\Command.c          0x00000000   Number         0  command.o ABSOLUTE
    ..\..\Lib_code\SysLib\Delay.c            0x00000000   Number         0  delay.o ABSOLUTE
    ..\..\Lib_code\SysLib\EEPROM.c           0x00000000   Number         0  eeprom.o ABSOLUTE
    ..\..\Lib_code\SysLib\FaultManage.c      0x00000000   Number         0  faultmanage.o ABSOLUTE
    ..\..\Lib_code\SysLib\Fifo.c             0x00000000   Number         0  fifo.o ABSOLUTE
    ..\..\Lib_code\SysLib\FlashAttr.c        0x00000000   Number         0  flashattr.o ABSOLUTE
    ..\..\Lib_code\SysLib\LinkScanFifo.c     0x00000000   Number         0  linkscanfifo.o ABSOLUTE
    ..\..\Lib_code\SysLib\LinkWRDC.c         0x00000000   Number         0  linkwrdc.o ABSOLUTE
    ..\..\Lib_code\SysLib\Linksimplest.c     0x00000000   Number         0  linksimplest.o ABSOLUTE
    ..\..\Lib_code\SysLib\Linksrc.c          0x00000000   Number         0  linksrc.o ABSOLUTE
    ..\..\Lib_code\SysLib\MsgPackage.c       0x00000000   Number         0  msgpackage.o ABSOLUTE
    ..\..\Lib_code\SysLib\Object.c           0x00000000   Number         0  object.o ABSOLUTE
    ..\..\Lib_code\SysLib\Scene&Group.c      0x00000000   Number         0  scene&group.o ABSOLUTE
    ..\..\Lib_code\SysLib\SysExeAttr.c       0x00000000   Number         0  sysexeattr.o ABSOLUTE
    ..\..\Lib_code\SysLib\SysTestAttr.c      0x00000000   Number         0  systestattr.o ABSOLUTE
    ..\..\Lib_code\SysLib\Thread.c           0x00000000   Number         0  thread.o ABSOLUTE
    ..\..\Lib_code\SysLib\UnitShare_Attr.c   0x00000000   Number         0  unitshare_attr.o ABSOLUTE
    ..\..\Lib_code\SysLib\Updata.c           0x00000000   Number         0  updata.o ABSOLUTE
    ..\..\Lib_code\SysLib\Upload.c           0x00000000   Number         0  upload.o ABSOLUTE
    ..\..\Lib_code\SysLib\UserData.c         0x00000000   Number         0  userdata.o ABSOLUTE
    ..\..\Lib_code\SysLib\UserDataDownload.c 0x00000000   Number         0  userdatadownload.o ABSOLUTE
    ..\Core\startup_stm32f10x_md.s           0x00000000   Number         0  startup_stm32f10x_md.o ABSOLUTE
    ..\Core\system_stm32f10x.c               0x00000000   Number         0  system_stm32f10x.o ABSOLUTE
    ..\SysHard\DeviceReset.c                 0x00000000   Number         0  devicereset.o ABSOLUTE
    ..\SysHard\Flash.c                       0x00000000   Number         0  flash.o ABSOLUTE
    ..\SysHard\Gpio.c                        0x00000000   Number         0  gpio.o ABSOLUTE
    ..\SysHard\I2C.C                         0x00000000   Number         0  i2c.o ABSOLUTE
    ..\SysHard\Instruct.c                    0x00000000   Number         0  instruct.o ABSOLUTE
    ..\SysHard\Program.c                     0x00000000   Number         0  program.o ABSOLUTE
    ..\SysHard\SI4432.c                      0x00000000   Number         0  si4432.o ABSOLUTE
    ..\SysHard\SPI.c                         0x00000000   Number         0  spi.o ABSOLUTE
    ..\SysHard\Sys.c                         0x00000000   Number         0  sys.o ABSOLUTE
    ..\SysHard\SysHard.c                     0x00000000   Number         0  syshard.o ABSOLUTE
    ..\SysHard\SysTick.c                     0x00000000   Number         0  systick.o ABSOLUTE
    ..\SysHard\Test.c                        0x00000000   Number         0  test.o ABSOLUTE
    ..\SysHard\Usart.c                       0x00000000   Number         0  usart.o ABSOLUTE
    ..\SysHard\WDG.c                         0x00000000   Number         0  wdg.o ABSOLUTE
    ..\User\Signal_Act\SigActExeAttr.c       0x00000000   Number         0  sigactexeattr.o ABSOLUTE
    ..\User\Signal_Act\SingleDrive.c         0x00000000   Number         0  singledrive.o ABSOLUTE
    ..\User\Signal_Act\SingleUnit.c          0x00000000   Number         0  singleunit.o ABSOLUTE
    ..\\SysHard\\Sys.c                       0x00000000   Number         0  sys.o ABSOLUTE
    dc.s                                     0x00000000   Number         0  dc.o ABSOLUTE
    RESET                                    0x08000800   Section      236  startup_stm32f10x_md.o(RESET)
    !!!main                                  0x080008ec   Section        8  __main.o(!!!main)
    !!!scatter                               0x080008f4   Section       52  __scatter.o(!!!scatter)
    !!handler_copy                           0x08000928   Section       26  __scatter_copy.o(!!handler_copy)
    !!handler_zi                             0x08000944   Section       28  __scatter_zi.o(!!handler_zi)
    .ARM.Collect$$libinit$$00000000          0x08000960   Section        2  libinit.o(.ARM.Collect$$libinit$$00000000)
    .ARM.Collect$$libinit$$00000002          0x08000962   Section        0  libinit2.o(.ARM.Collect$$libinit$$00000002)
    .ARM.Collect$$libinit$$00000008          0x08000962   Section        0  libinit2.o(.ARM.Collect$$libinit$$00000008)
    .ARM.Collect$$libinit$$0000000A          0x08000962   Section        0  libinit2.o(.ARM.Collect$$libinit$$0000000A)
    .ARM.Collect$$libinit$$0000000C          0x08000962   Section        0  libinit2.o(.ARM.Collect$$libinit$$0000000C)
    .ARM.Collect$$libinit$$0000000F          0x08000962   Section        0  libinit2.o(.ARM.Collect$$libinit$$0000000F)
    .ARM.Collect$$libinit$$00000011          0x08000962   Section        0  libinit2.o(.ARM.Collect$$libinit$$00000011)
    .ARM.Collect$$libinit$$00000013          0x08000962   Section        0  libinit2.o(.ARM.Collect$$libinit$$00000013)
    .ARM.Collect$$libinit$$00000015          0x08000962   Section        0  libinit2.o(.ARM.Collect$$libinit$$00000015)
    .ARM.Collect$$libinit$$00000017          0x08000962   Section        0  libinit2.o(.ARM.Collect$$libinit$$00000017)
    .ARM.Collect$$libinit$$00000019          0x08000962   Section        0  libinit2.o(.ARM.Collect$$libinit$$00000019)
    .ARM.Collect$$libinit$$0000001B          0x08000962   Section        0  libinit2.o(.ARM.Collect$$libinit$$0000001B)
    .ARM.Collect$$libinit$$0000001D          0x08000962   Section        0  libinit2.o(.ARM.Collect$$libinit$$0000001D)
    .ARM.Collect$$libinit$$0000001F          0x08000962   Section        0  libinit2.o(.ARM.Collect$$libinit$$0000001F)
    .ARM.Collect$$libinit$$00000021          0x08000962   Section        0  libinit2.o(.ARM.Collect$$libinit$$00000021)
    .ARM.Collect$$libinit$$00000023          0x08000962   Section        0  libinit2.o(.ARM.Collect$$libinit$$00000023)
    .ARM.Collect$$libinit$$0000002A          0x08000962   Section        0  libinit2.o(.ARM.Collect$$libinit$$0000002A)
    .ARM.Collect$$libinit$$0000002C          0x08000962   Section        0  libinit2.o(.ARM.Collect$$libinit$$0000002C)
    .ARM.Collect$$libinit$$0000002E          0x08000962   Section        0  libinit2.o(.ARM.Collect$$libinit$$0000002E)
    .ARM.Collect$$libinit$$00000030          0x08000962   Section        0  libinit2.o(.ARM.Collect$$libinit$$00000030)
    .ARM.Collect$$libinit$$00000031          0x08000962   Section        2  libinit2.o(.ARM.Collect$$libinit$$00000031)
    .ARM.Collect$$libshutdown$$00000000      0x08000964   Section        2  libshutdown.o(.ARM.Collect$$libshutdown$$00000000)
    .ARM.Collect$$libshutdown$$00000003      0x08000966   Section        0  libshutdown2.o(.ARM.Collect$$libshutdown$$00000003)
    .ARM.Collect$$libshutdown$$00000006      0x08000966   Section        0  libshutdown2.o(.ARM.Collect$$libshutdown$$00000006)
    .ARM.Collect$$libshutdown$$00000009      0x08000966   Section        0  libshutdown2.o(.ARM.Collect$$libshutdown$$00000009)
    .ARM.Collect$$libshutdown$$0000000B      0x08000966   Section        0  libshutdown2.o(.ARM.Collect$$libshutdown$$0000000B)
    .ARM.Collect$$libshutdown$$0000000E      0x08000966   Section        0  libshutdown2.o(.ARM.Collect$$libshutdown$$0000000E)
    .ARM.Collect$$libshutdown$$0000000F      0x08000966   Section        2  libshutdown2.o(.ARM.Collect$$libshutdown$$0000000F)
    .ARM.Collect$$rtentry$$00000000          0x08000968   Section        0  rtentry.o(.ARM.Collect$$rtentry$$00000000)
    .ARM.Collect$$rtentry$$00000002          0x08000968   Section        0  rtentry2.o(.ARM.Collect$$rtentry$$00000002)
    .ARM.Collect$$rtentry$$00000004          0x08000968   Section        6  rtentry4.o(.ARM.Collect$$rtentry$$00000004)
    .ARM.Collect$$rtentry$$00000009          0x0800096e   Section        0  rtentry2.o(.ARM.Collect$$rtentry$$00000009)
    .ARM.Collect$$rtentry$$0000000A          0x0800096e   Section        4  rtentry2.o(.ARM.Collect$$rtentry$$0000000A)
    .ARM.Collect$$rtentry$$0000000C          0x08000972   Section        0  rtentry2.o(.ARM.Collect$$rtentry$$0000000C)
    .ARM.Collect$$rtentry$$0000000D          0x08000972   Section        8  rtentry2.o(.ARM.Collect$$rtentry$$0000000D)
    .ARM.Collect$$rtexit$$00000000           0x0800097a   Section        2  rtexit.o(.ARM.Collect$$rtexit$$00000000)
    .ARM.Collect$$rtexit$$00000002           0x0800097c   Section        0  rtexit2.o(.ARM.Collect$$rtexit$$00000002)
    .ARM.Collect$$rtexit$$00000003           0x0800097c   Section        4  rtexit2.o(.ARM.Collect$$rtexit$$00000003)
    .ARM.Collect$$rtexit$$00000004           0x08000980   Section        6  rtexit2.o(.ARM.Collect$$rtexit$$00000004)
    .text                                    0x08000986   Section        0  bestfulib.o(.text)
    .text                                    0x08000a18   Section        0  cmdprocess.o(.text)
    Msg_Level                                0x08000a19   Thumb Code    28  cmdprocess.o(.text)
    DataSend_Thread                          0x08000a9f   Thumb Code    12  cmdprocess.o(.text)
    Msg_ReturnType                           0x08000aab   Thumb Code    48  cmdprocess.o(.text)
    Msg_Process                              0x08000bab   Thumb Code   108  cmdprocess.o(.text)
    .text                                    0x08000cb4   Section        0  command.o(.text)
    .text                                    0x08000e20   Section        0  crc.o(.text)
    .text                                    0x08000e58   Section        0  delay.o(.text)
    .text                                    0x08000e8c   Section        0  eeprom.o(.text)
    .text                                    0x08000fdc   Section        0  faultmanage.o(.text)
    .text                                    0x0800102c   Section        0  fifo.o(.text)
    fifo_full                                0x0800106b   Thumb Code    30  fifo.o(.text)
    fifo_surplusSize                         0x08001089   Thumb Code    34  fifo.o(.text)
    .text                                    0x080012c4   Section        0  flashattr.o(.text)
    .text                                    0x080014a0   Section        0  linkscanfifo.o(.text)
    .text                                    0x08001530   Section        0  linksimplest.o(.text)
    .text                                    0x080018c0   Section        0  linksrc.o(.text)
    .text                                    0x08001b04   Section        0  linkwrdc.o(.text)
    .text                                    0x08001dfc   Section        0  msgpackage.o(.text)
    Msg_Package                              0x08001e43   Thumb Code    70  msgpackage.o(.text)
    .text                                    0x08001f54   Section        0  object.o(.text)
    Check_Repeat                             0x08001fc1   Thumb Code   108  object.o(.text)
    .text                                    0x080022e8   Section        0  scene&group.o(.text)
    .text                                    0x08002660   Section        0  sysexeattr.o(.text)
    .text                                    0x08002cbc   Section        0  systestattr.o(.text)
    .text                                    0x08002d20   Section        0  thread.o(.text)
    Thread_Check                             0x08002d29   Thumb Code    44  thread.o(.text)
    .text                                    0x08003078   Section        0  unitshare_attr.o(.text)
    .text                                    0x08003298   Section        0  updata.o(.text)
    .text                                    0x0800348c   Section        0  upload.o(.text)
    Upload_Attr                              0x0800349d   Thumb Code    56  upload.o(.text)
    .text                                    0x080034ec   Section        0  userdata.o(.text)
    SceneEEPROMData_Init                     0x080034ed   Thumb Code    16  userdata.o(.text)
    SceneEEPROMData_Clr                      0x08003925   Thumb Code    76  userdata.o(.text)
    SceneEEPROMSave_Addr                     0x08003a0d   Thumb Code    60  userdata.o(.text)
    SceneEEPROMData_Save                     0x08003a49   Thumb Code    20  userdata.o(.text)
    SceneEEPROMSave_Seat                     0x08003a5d   Thumb Code    32  userdata.o(.text)
    SceneEEPROMData_Seat                     0x08003a7d   Thumb Code   116  userdata.o(.text)
    .text                                    0x08003c28   Section        0  userdatadownload.o(.text)
    .text                                    0x08003db0   Section        0  devicereset.o(.text)
    .text                                    0x08003db4   Section        0  flash.o(.text)
    Flash_EOP                                0x08003dcf   Thumb Code    24  flash.o(.text)
    Flash_Status                             0x08003de7   Thumb Code    48  flash.o(.text)
    .text                                    0x08003fa4   Section        0  gpio.o(.text)
    .text                                    0x08004048   Section        0  i2c.o(.text)
    Delay_nNOP                               0x08004049   Thumb Code    26  i2c.o(.text)
    I2C_Start                                0x08004079   Thumb Code    48  i2c.o(.text)
    I2C_Stop                                 0x080040a9   Thumb Code    46  i2c.o(.text)
    I2C_ACK                                  0x080040d7   Thumb Code    68  i2c.o(.text)
    I2C_WaitAck                              0x0800411b   Thumb Code   132  i2c.o(.text)
    I2C_SendB_Ack                            0x0800419f   Thumb Code    98  i2c.o(.text)
    I2C_RecvB_Ack                            0x08004201   Thumb Code   136  i2c.o(.text)
    .text                                    0x080043b4   Section        0  instruct.o(.text)
    InstructLED_OFF                          0x080043b5   Thumb Code    14  instruct.o(.text)
    .text                                    0x08004410   Section        0  program.o(.text)
    .text                                    0x0800448c   Section        0  si4432.o(.text)
    SPI_RW_Reg                               0x08004493   Thumb Code    44  si4432.o(.text)
    Si4432_PortInit                          0x080044bf   Thumb Code   104  si4432.o(.text)
    SetMode_RX                               0x08004527   Thumb Code    80  si4432.o(.text)
    Si4432_Fault                             0x080045bd   Thumb Code    16  si4432.o(.text)
    Si4432_Threshold                         0x080045cd   Thumb Code   216  si4432.o(.text)
    SetMode_TX                               0x0800496d   Thumb Code    28  si4432.o(.text)
    SI4432_Send_All_Data                     0x08004989   Thumb Code   162  si4432.o(.text)
    RecDataToFifo                            0x08004a2b   Thumb Code   254  si4432.o(.text)
    Check_433M_Busy                          0x08004b3d   Thumb Code   160  si4432.o(.text)
    .text                                    0x08004c2c   Section        0  spi.o(.text)
    .text                                    0x08004d60   Section        0  sys.o(.text)
    .text                                    0x08004ee4   Section        0  syshard.o(.text)
    .text                                    0x08004f10   Section        0  systick.o(.text)
    .text                                    0x08004f6c   Section        0  test.o(.text)
    .text                                    0x08004fd0   Section        0  usart.o(.text)
    .text                                    0x080050e4   Section        0  wdg.o(.text)
    .text                                    0x08005138   Section        0  system_stm32f10x.o(.text)
    SetSysClockTo72                          0x08005139   Thumb Code   212  system_stm32f10x.o(.text)
    SetSysClock                              0x0800520d   Thumb Code     8  system_stm32f10x.o(.text)
    .text                                    0x08005318   Section       60  startup_stm32f10x_md.o(.text)
    .text                                    0x08005354   Section        0  main.o(.text)
    .text                                    0x08005394   Section        0  unitcfg.o(.text)
    .text                                    0x080053e0   Section        0  sigactexeattr.o(.text)
    .text                                    0x080054f4   Section        0  singleunit.o(.text)
    .text                                    0x080055b0   Section        0  singledrive.o(.text)
    .text                                    0x080055c8   Section        0  heapauxi.o(.text)
    .text                                    0x080055ce   Section       74  sys_stackheap_outer.o(.text)
    .text                                    0x08005618   Section        0  exit.o(.text)
    .text                                    0x08005624   Section        8  libspace.o(.text)
    .text                                    0x0800562c   Section        0  sys_exit.o(.text)
    .text                                    0x08005638   Section        2  use_no_semi.o(.text)
    .text                                    0x0800563a   Section        0  indicate_semi.o(.text)
    x$fpl$dadd                               0x0800563c   Section      336  daddsub_clz.o(x$fpl$dadd)
    _dadd1                                   0x0800564d   Thumb Code     0  daddsub_clz.o(x$fpl$dadd)
    x$fpl$dfixu                              0x0800578c   Section       90  dfixu.o(x$fpl$dfixu)
    x$fpl$dfltu                              0x080057e6   Section       38  dflt_clz.o(x$fpl$dfltu)
    x$fpl$dmul                               0x0800580c   Section      340  dmul.o(x$fpl$dmul)
    x$fpl$dnaninf                            0x08005960   Section      156  dnaninf.o(x$fpl$dnaninf)
    x$fpl$dretinf                            0x080059fc   Section       12  dretinf.o(x$fpl$dretinf)
    x$fpl$dsub                               0x08005a08   Section      468  daddsub_clz.o(x$fpl$dsub)
    _dsub1                                   0x08005a19   Thumb Code     0  daddsub_clz.o(x$fpl$dsub)
    .constdata                               0x08005bdc   Section       12  command.o(.constdata)
    x$fpl$usenofp                            0x08005bdc   Section        0  usenofp.o(x$fpl$usenofp)
    HeadCMD                                  0x08005bdc   Data           6  command.o(.constdata)
    TailCMD                                  0x08005be2   Data           6  command.o(.constdata)
    .constdata                               0x08005be8   Section      512  crc.o(.constdata)
    .constdata                               0x08005de8   Section      448  sysexeattr.o(.constdata)
    .constdata                               0x08005fa8   Section       25  si4432.o(.constdata)
    randWait_Tab                             0x08005fbd   Data           4  si4432.o(.constdata)
    .constdata                               0x08005fc4   Section       32  unitcfg.o(.constdata)
    .constdata                               0x08005fe4   Section       48  sigactexeattr.o(.constdata)
    .data                                    0x20000000   Section        2  flashattr.o(.data)
    UPDATA_LEVEL                             0x20000000   Data           1  flashattr.o(.data)
    Version                                  0x20000001   Data           1  flashattr.o(.data)
    .data                                    0x20000002   Section        1  msgpackage.o(.data)
    serialNum                                0x20000002   Data           1  msgpackage.o(.data)
    .data                                    0x20000004   Section        8  object.o(.data)
    seat                                     0x20000004   Data           1  object.o(.data)
    .data                                    0x2000000c   Section        2  updata.o(.data)
    .data                                    0x20000010   Section       17  si4432.o(.data)
    Threshold                                0x20000010   Data           1  si4432.o(.data)
    seat                                     0x20000011   Data           1  si4432.o(.data)
    busyTime                                 0x20000012   Data           2  si4432.o(.data)
    idleTime                                 0x20000014   Data           2  si4432.o(.data)
    rand                                     0x20000016   Data           2  si4432.o(.data)
    buf                                      0x20000018   Data           4  si4432.o(.data)
    time                                     0x2000001c   Data           4  si4432.o(.data)
    SI4432_RSSI                              0x20000020   Data           1  si4432.o(.data)
    .data                                    0x20000024   Section        4  systick.o(.data)
    timer                                    0x20000024   Data           4  systick.o(.data)
    .data                                    0x20000028   Section        4  test.o(.data)
    .data                                    0x2000002c   Section       20  system_stm32f10x.o(.data)
    .bss                                     0x20000040   Section     2608  cmdprocess.o(.bss)
    sendBuf                                  0x20000460   Data        1024  cmdprocess.o(.bss)
    .bss                                     0x20000a70   Section      144  linkscanfifo.o(.bss)
    .bss                                     0x20000b00   Section     1651  linksimplest.o(.bss)
    .bss                                     0x20001174   Section       50  object.o(.bss)
    srcID                                    0x20001174   Data          40  object.o(.bss)
    serialNum                                0x2000119c   Data          10  object.o(.bss)
    .bss                                     0x200011a8   Section      244  thread.o(.bss)
    thread                                   0x200011a8   Data         244  thread.o(.bss)
    .bss                                     0x2000129c   Section      144  updata.o(.bss)
    .bss                                     0x2000132c   Section        9  userdata.o(.bss)
    .bss                                     0x20001338   Section       40  userdatadownload.o(.bss)
    .bss                                     0x20001360   Section       16  unitcfg.o(.bss)
    .bss                                     0x20001370   Section       16  singleunit.o(.bss)
    .bss                                     0x20001380   Section       96  libspace.o(.bss)
    HEAP                                     0x200013e0   Section        0  startup_stm32f10x_md.o(HEAP)
    STACK                                    0x200013e0   Section     3072  startup_stm32f10x_md.o(STACK)
    Heap_Mem                                 0x200013e0   Data           0  startup_stm32f10x_md.o(HEAP)
    Stack_Mem                                0x200013e0   Data        3072  startup_stm32f10x_md.o(STACK)
    __initial_sp                             0x20001fe0   Data           0  startup_stm32f10x_md.o(STACK)

    Global Symbols

    Symbol Name                              Value     Ov Type        Size  Object(Section)

    BuildAttributes$$THM_ISAv4$P$D$K$B$S$PE$A:L22UL41UL21$X:L11$S22US41US21$IEEE1$IW$USESV6$~STKCKD$USESV7$~SHL$OSPACE$ROPI$EBA8$UX$STANDARDLIB$REQ8$PRES8$EABIv2 0x00000000   Number         0  anon$$obj.o ABSOLUTE
    __ARM_use_no_argv                        0x00000000   Number         0  main.o ABSOLUTE
    __ARM_exceptions_init                     - Undefined Weak Reference
    __alloca_initialize                       - Undefined Weak Reference
    __cpp_initialize__aeabi_                  - Undefined Weak Reference
    __cxa_finalize                            - Undefined Weak Reference
    __rt_locale                               - Undefined Weak Reference
    __sigvec_lookup                           - Undefined Weak Reference
    _atexit_init                              - Undefined Weak Reference
    _call_atexit_fns                          - Undefined Weak Reference
    _clock_init                               - Undefined Weak Reference
    _fp_trap_init                             - Undefined Weak Reference
    _fp_trap_shutdown                         - Undefined Weak Reference
    _get_lc_collate                           - Undefined Weak Reference
    _get_lc_ctype                             - Undefined Weak Reference
    _get_lc_monetary                          - Undefined Weak Reference
    _get_lc_numeric                           - Undefined Weak Reference
    _get_lc_time                              - Undefined Weak Reference
    _getenv_init                              - Undefined Weak Reference
    _handle_redirection                       - Undefined Weak Reference
    _init_alloc                               - Undefined Weak Reference
    _init_user_alloc                          - Undefined Weak Reference
    _initio                                   - Undefined Weak Reference
    _rand_init                                - Undefined Weak Reference
    _signal_finish                            - Undefined Weak Reference
    _signal_init                              - Undefined Weak Reference
    _terminate_alloc                          - Undefined Weak Reference
    _terminate_user_alloc                     - Undefined Weak Reference
    _terminateio                              - Undefined Weak Reference
    __Vectors_Size                           0x000000ec   Number         0  startup_stm32f10x_md.o ABSOLUTE
    __Vectors                                0x08000800   Data           4  startup_stm32f10x_md.o(RESET)
    __Vectors_End                            0x080008ec   Data           0  startup_stm32f10x_md.o(RESET)
    __main                                   0x080008ed   Thumb Code     8  __main.o(!!!main)
    __scatterload                            0x080008f5   Thumb Code     0  __scatter.o(!!!scatter)
    __scatterload_rt2                        0x080008f5   Thumb Code    44  __scatter.o(!!!scatter)
    __scatterload_rt2_thumb_only             0x080008f5   Thumb Code     0  __scatter.o(!!!scatter)
    __scatterload_null                       0x08000903   Thumb Code     0  __scatter.o(!!!scatter)
    __scatterload_copy                       0x08000929   Thumb Code    26  __scatter_copy.o(!!handler_copy)
    __scatterload_zeroinit                   0x08000945   Thumb Code    28  __scatter_zi.o(!!handler_zi)
    __rt_lib_init                            0x08000961   Thumb Code     0  libinit.o(.ARM.Collect$$libinit$$00000000)
    __rt_lib_init_alloca_1                   0x08000963   Thumb Code     0  libinit2.o(.ARM.Collect$$libinit$$0000002C)
    __rt_lib_init_argv_1                     0x08000963   Thumb Code     0  libinit2.o(.ARM.Collect$$libinit$$0000002A)
    __rt_lib_init_atexit_1                   0x08000963   Thumb Code     0  libinit2.o(.ARM.Collect$$libinit$$00000019)
    __rt_lib_init_clock_1                    0x08000963   Thumb Code     0  libinit2.o(.ARM.Collect$$libinit$$0000001F)
    __rt_lib_init_cpp_1                      0x08000963   Thumb Code     0  libinit2.o(.ARM.Collect$$libinit$$00000030)
    __rt_lib_init_exceptions_1               0x08000963   Thumb Code     0  libinit2.o(.ARM.Collect$$libinit$$0000002E)
    __rt_lib_init_fp_1                       0x08000963   Thumb Code     0  libinit2.o(.ARM.Collect$$libinit$$00000002)
    __rt_lib_init_fp_trap_1                  0x08000963   Thumb Code     0  libinit2.o(.ARM.Collect$$libinit$$0000001D)
    __rt_lib_init_getenv_1                   0x08000963   Thumb Code     0  libinit2.o(.ARM.Collect$$libinit$$00000021)
    __rt_lib_init_heap_1                     0x08000963   Thumb Code     0  libinit2.o(.ARM.Collect$$libinit$$00000008)
    __rt_lib_init_lc_collate_1               0x08000963   Thumb Code     0  libinit2.o(.ARM.Collect$$libinit$$0000000F)
    __rt_lib_init_lc_ctype_1                 0x08000963   Thumb Code     0  libinit2.o(.ARM.Collect$$libinit$$00000011)
    __rt_lib_init_lc_monetary_1              0x08000963   Thumb Code     0  libinit2.o(.ARM.Collect$$libinit$$00000013)
    __rt_lib_init_lc_numeric_1               0x08000963   Thumb Code     0  libinit2.o(.ARM.Collect$$libinit$$00000015)
    __rt_lib_init_lc_time_1                  0x08000963   Thumb Code     0  libinit2.o(.ARM.Collect$$libinit$$00000017)
    __rt_lib_init_rand_1                     0x08000963   Thumb Code     0  libinit2.o(.ARM.Collect$$libinit$$0000000C)
    __rt_lib_init_return                     0x08000963   Thumb Code     0  libinit2.o(.ARM.Collect$$libinit$$00000031)
    __rt_lib_init_signal_1                   0x08000963   Thumb Code     0  libinit2.o(.ARM.Collect$$libinit$$0000001B)
    __rt_lib_init_stdio_1                    0x08000963   Thumb Code     0  libinit2.o(.ARM.Collect$$libinit$$00000023)
    __rt_lib_init_user_alloc_1               0x08000963   Thumb Code     0  libinit2.o(.ARM.Collect$$libinit$$0000000A)
    __rt_lib_shutdown                        0x08000965   Thumb Code     0  libshutdown.o(.ARM.Collect$$libshutdown$$00000000)
    __rt_lib_shutdown_fp_trap_1              0x08000967   Thumb Code     0  libshutdown2.o(.ARM.Collect$$libshutdown$$00000006)
    __rt_lib_shutdown_heap_1                 0x08000967   Thumb Code     0  libshutdown2.o(.ARM.Collect$$libshutdown$$0000000E)
    __rt_lib_shutdown_return                 0x08000967   Thumb Code     0  libshutdown2.o(.ARM.Collect$$libshutdown$$0000000F)
    __rt_lib_shutdown_signal_1               0x08000967   Thumb Code     0  libshutdown2.o(.ARM.Collect$$libshutdown$$00000009)
    __rt_lib_shutdown_stdio_1                0x08000967   Thumb Code     0  libshutdown2.o(.ARM.Collect$$libshutdown$$00000003)
    __rt_lib_shutdown_user_alloc_1           0x08000967   Thumb Code     0  libshutdown2.o(.ARM.Collect$$libshutdown$$0000000B)
    __rt_entry                               0x08000969   Thumb Code     0  rtentry.o(.ARM.Collect$$rtentry$$00000000)
    __rt_entry_presh_1                       0x08000969   Thumb Code     0  rtentry2.o(.ARM.Collect$$rtentry$$00000002)
    __rt_entry_sh                            0x08000969   Thumb Code     0  rtentry4.o(.ARM.Collect$$rtentry$$00000004)
    __rt_entry_li                            0x0800096f   Thumb Code     0  rtentry2.o(.ARM.Collect$$rtentry$$0000000A)
    __rt_entry_postsh_1                      0x0800096f   Thumb Code     0  rtentry2.o(.ARM.Collect$$rtentry$$00000009)
    __rt_entry_main                          0x08000973   Thumb Code     0  rtentry2.o(.ARM.Collect$$rtentry$$0000000D)
    __rt_entry_postli_1                      0x08000973   Thumb Code     0  rtentry2.o(.ARM.Collect$$rtentry$$0000000C)
    __rt_exit                                0x0800097b   Thumb Code     0  rtexit.o(.ARM.Collect$$rtexit$$00000000)
    __rt_exit_ls                             0x0800097d   Thumb Code     0  rtexit2.o(.ARM.Collect$$rtexit$$00000003)
    __rt_exit_prels_1                        0x0800097d   Thumb Code     0  rtexit2.o(.ARM.Collect$$rtexit$$00000002)
    __rt_exit_exit                           0x08000981   Thumb Code     0  rtexit2.o(.ARM.Collect$$rtexit$$00000004)
    memcpy                                   0x08000987   Thumb Code    28  bestfulib.o(.text)
    memcmp                                   0x080009a3   Thumb Code    40  bestfulib.o(.text)
    memset                                   0x080009cb   Thumb Code    18  bestfulib.o(.text)
    memmove                                  0x080009dd   Thumb Code    58  bestfulib.o(.text)
    Process_FIFOData                         0x08000a35   Thumb Code   106  cmdprocess.o(.text)
    Msg_Execute                              0x08000adb   Thumb Code   208  cmdprocess.o(.text)
    Msg_Change                               0x08000c17   Thumb Code    28  cmdprocess.o(.text)
    FIFOInit                                 0x08000c33   Thumb Code    72  cmdprocess.o(.text)
    ProcessSend_Fun                          0x08000c7b   Thumb Code     8  cmdprocess.o(.text)
    cmd_get                                  0x08000cb5   Thumb Code   232  command.o(.text)
    cmd_put                                  0x08000d9d   Thumb Code   124  command.o(.text)
    ChkCrcValue                              0x08000e21   Thumb Code    52  crc.o(.text)
    delay_us                                 0x08000e59   Thumb Code    24  delay.o(.text)
    delay_ms                                 0x08000e71   Thumb Code    28  delay.o(.text)
    ReadDataFromEEPROM                       0x08000e8d   Thumb Code   116  eeprom.o(.text)
    WriteDataToEEPROM                        0x08000f01   Thumb Code   116  eeprom.o(.text)
    WriteDataToEEPROMEx                      0x08000f75   Thumb Code   104  eeprom.o(.text)
    Fault_Upload                             0x08000fdd   Thumb Code    76  faultmanage.o(.text)
    fifo_Init                                0x0800102d   Thumb Code    26  fifo.o(.text)
    fifo_Rst                                 0x08001047   Thumb Code    18  fifo.o(.text)
    fifo_empty                               0x08001059   Thumb Code    18  fifo.o(.text)
    fifo_validSize                           0x080010ab   Thumb Code    30  fifo.o(.text)
    fifo_puts                                0x080010c9   Thumb Code   106  fifo.o(.text)
    fifo_gets                                0x08001133   Thumb Code   124  fifo.o(.text)
    fifo_putc                                0x080011af   Thumb Code    60  fifo.o(.text)
    fifo_getc                                0x080011eb   Thumb Code    62  fifo.o(.text)
    fifo_find                                0x08001229   Thumb Code    92  fifo.o(.text)
    fifo_cmp                                 0x08001285   Thumb Code    62  fifo.o(.text)
    Set_IAPReady_Attr                        0x080012c5   Thumb Code   136  flashattr.o(.text)
    Set_IAPPackSave_Attr                     0x0800134d   Thumb Code    66  flashattr.o(.text)
    Get_IAPPackCheck_Attr                    0x0800138f   Thumb Code    66  flashattr.o(.text)
    Set_IAPDataCRC_Attr                      0x080013d1   Thumb Code    98  flashattr.o(.text)
    Set_433Channel_Attr                      0x08001433   Thumb Code    70  flashattr.o(.text)
    Get_433Channel_Attr                      0x08001479   Thumb Code    20  flashattr.o(.text)
    PropFifoInit                             0x080014a1   Thumb Code    14  linkscanfifo.o(.text)
    PropChangeScanAndExe                     0x080014af   Thumb Code    46  linkscanfifo.o(.text)
    PropEventFifo                            0x080014dd   Thumb Code    72  linkscanfifo.o(.text)
    ALinkInit                                0x08001531   Thumb Code   162  linksimplest.o(.text)
    ALinkClr                                 0x080015d3   Thumb Code    62  linksimplest.o(.text)
    ChkALinkIsExist                          0x08001611   Thumb Code    90  linksimplest.o(.text)
    GetALinkNum                              0x0800166b   Thumb Code    80  linksimplest.o(.text)
    QueryALink                               0x080016bb   Thumb Code    50  linksimplest.o(.text)
    CheckALinkFull                           0x080016ed   Thumb Code    18  linksimplest.o(.text)
    ReadALink                                0x080016ff   Thumb Code    50  linksimplest.o(.text)
    WriteALink                               0x08001731   Thumb Code   154  linksimplest.o(.text)
    DelALink                                 0x080017cb   Thumb Code   240  linksimplest.o(.text)
    LinkInit                                 0x080018c1   Thumb Code     8  linksrc.o(.text)
    LinkClr                                  0x080018c9   Thumb Code     8  linksrc.o(.text)
    CmpSampAndLinkValue                      0x080018d1   Thumb Code   132  linksrc.o(.text)
    GetConditionReverse                      0x08001955   Thumb Code    56  linksrc.o(.text)
    GetConditionOffset                       0x0800198d   Thumb Code    80  linksrc.o(.text)
    LinkSrcExe                               0x080019dd   Thumb Code   292  linksrc.o(.text)
    CheckLinkFull                            0x08001b05   Thumb Code    18  linkwrdc.o(.text)
    QueryLink                                0x08001b17   Thumb Code    22  linkwrdc.o(.text)
    QueryAllLinkFromTable                    0x08001b2d   Thumb Code    64  linkwrdc.o(.text)
    ReadLinkFromTable                        0x08001b6d   Thumb Code    34  linkwrdc.o(.text)
    WriteLinkToTable                         0x08001b8f   Thumb Code    62  linkwrdc.o(.text)
    DelAllLinkFromTable                      0x08001bcd   Thumb Code    46  linkwrdc.o(.text)
    DelLinkFromTable                         0x08001bfb   Thumb Code    30  linkwrdc.o(.text)
    ChkLinkIsExist                           0x08001c19   Thumb Code    26  linkwrdc.o(.text)
    GetLinkNum                               0x08001c33   Thumb Code    22  linkwrdc.o(.text)
    WriteLinkItem                            0x08001c49   Thumb Code    94  linkwrdc.o(.text)
    ModifyLinkItem                           0x08001ca7   Thumb Code    60  linkwrdc.o(.text)
    ReadLinkItem                             0x08001ce3   Thumb Code    48  linkwrdc.o(.text)
    QueryLinkItem                            0x08001d13   Thumb Code    56  linkwrdc.o(.text)
    DelLinkItem                              0x08001d4b   Thumb Code    46  linkwrdc.o(.text)
    DelLinkForUnit                           0x08001d79   Thumb Code   126  linkwrdc.o(.text)
    Msg_Feedback                             0x08001dfd   Thumb Code    70  msgpackage.o(.text)
    Msg_UploadUnit                           0x08001e89   Thumb Code    62  msgpackage.o(.text)
    Msg_Upload                               0x08001ec7   Thumb Code    58  msgpackage.o(.text)
    Msg_Send                                 0x08001f01   Thumb Code    68  msgpackage.o(.text)
    Check_Area                               0x08001f55   Thumb Code   108  object.o(.text)
    Object_Check                             0x0800202d   Thumb Code   670  object.o(.text)
    Set_Scene_Attr                           0x080022e9   Thumb Code   362  scene&group.o(.text)
    Get_Scene_Attr                           0x08002453   Thumb Code   104  scene&group.o(.text)
    Set_Group_Attr                           0x080024bb   Thumb Code   328  scene&group.o(.text)
    Get_Group_Attr                           0x08002603   Thumb Code    94  scene&group.o(.text)
    SysAttr_Init                             0x08002661   Thumb Code    28  sysexeattr.o(.text)
    Get_Version_Attr                         0x0800267d   Thumb Code   104  sysexeattr.o(.text)
    Get_DeviceType_Attr                      0x080026e5   Thumb Code    76  sysexeattr.o(.text)
    Set_UserID_Attr                          0x08002731   Thumb Code    42  sysexeattr.o(.text)
    Get_UserID_Attr                          0x0800275b   Thumb Code    16  sysexeattr.o(.text)
    Get_DeviceAddr_Attr                      0x0800276b   Thumb Code    16  sysexeattr.o(.text)
    Set_CmdAckNum_Attr                       0x0800277b   Thumb Code    42  sysexeattr.o(.text)
    Get_CmdAckNum_Attr                       0x080027a5   Thumb Code    14  sysexeattr.o(.text)
    Set_UnitArea_Attr                        0x080027b3   Thumb Code   112  sysexeattr.o(.text)
    Get_UnitArea_Attr                        0x08002823   Thumb Code   100  sysexeattr.o(.text)
    Set_UnitType_Attr                        0x08002887   Thumb Code   120  sysexeattr.o(.text)
    Get_UnitType_Attr                        0x080028ff   Thumb Code   104  sysexeattr.o(.text)
    Set_CommonType_Attr                      0x08002967   Thumb Code   120  sysexeattr.o(.text)
    Get_CommonType_Attr                      0x080029df   Thumb Code   104  sysexeattr.o(.text)
    Set_UnitAble_Attr                        0x08002a47   Thumb Code   134  sysexeattr.o(.text)
    Get_UnitAble_Attr                        0x08002acd   Thumb Code   104  sysexeattr.o(.text)
    Set_FaultFalg_Attr                       0x08002b35   Thumb Code    12  sysexeattr.o(.text)
    Get_FaultFlag_Attr                       0x08002b41   Thumb Code    20  sysexeattr.o(.text)
    Set_UserDataFormat_Attr                  0x08002b55   Thumb Code    20  sysexeattr.o(.text)
    Get_DeviceInfo_Attr                      0x08002b69   Thumb Code    38  sysexeattr.o(.text)
    Set_DeviceAdd_Attr                       0x08002b8f   Thumb Code    84  sysexeattr.o(.text)
    Set_Link_Attr                            0x08002be3   Thumb Code    98  sysexeattr.o(.text)
    Get_Link_Attr                            0x08002c45   Thumb Code    68  sysexeattr.o(.text)
    Set_DelLinkForUnit_Attr                  0x08002c89   Thumb Code    40  sysexeattr.o(.text)
    SI4432Test_Fail                          0x08002cbd   Thumb Code    16  systestattr.o(.text)
    SI4432Test_Attr                          0x08002ccd   Thumb Code    68  systestattr.o(.text)
    Thread_Init                              0x08002d21   Thumb Code     8  thread.o(.text)
    Thread_Wake                              0x08002d55   Thumb Code   158  thread.o(.text)
    Thread_Login                             0x08002df3   Thumb Code   246  thread.o(.text)
    Thread_Logout                            0x08002ee9   Thumb Code   106  thread.o(.text)
    Thread_Hang                              0x08002f53   Thumb Code   130  thread.o(.text)
    Thread_Process                           0x08002fd5   Thumb Code   106  thread.o(.text)
    Thread_RunCheck                          0x0800303f   Thumb Code    48  thread.o(.text)
    Set_ManyUnit_Attr                        0x08003079   Thumb Code   102  unitshare_attr.o(.text)
    Get_ManyUnit_Attr                        0x080030df   Thumb Code   300  unitshare_attr.o(.text)
    Set_UnitChecking_Attr                    0x0800320b   Thumb Code   132  unitshare_attr.o(.text)
    Updata_Check                             0x08003299   Thumb Code    18  updata.o(.text)
    Updata_Ready                             0x080032ab   Thumb Code    72  updata.o(.text)
    Updata_PackProcess                       0x080032f3   Thumb Code   112  updata.o(.text)
    Updata_PackCheck                         0x08003363   Thumb Code    76  updata.o(.text)
    Updata_Calibrate                         0x080033af   Thumb Code    30  updata.o(.text)
    Updata_Channel                           0x080033cd   Thumb Code    84  updata.o(.text)
    Channel_Get                              0x08003421   Thumb Code    50  updata.o(.text)
    Updata_Flag                              0x08003453   Thumb Code    38  updata.o(.text)
    Upload_Fault                             0x0800348d   Thumb Code    16  upload.o(.text)
    Upload                                   0x080034d5   Thumb Code    18  upload.o(.text)
    SceneEEPROM_Init                         0x080034fd   Thumb Code    42  userdata.o(.text)
    GroupEEPROMUnit_Init                     0x08003527   Thumb Code    54  userdata.o(.text)
    GroupEEPROM_Init                         0x0800355d   Thumb Code    26  userdata.o(.text)
    UnitPrivateEEPROMData_Init               0x08003577   Thumb Code    44  userdata.o(.text)
    UnitPublicEEPROMData_Init                0x080035a3   Thumb Code    76  userdata.o(.text)
    SysEEPROMData_Init                       0x080035ef   Thumb Code    36  userdata.o(.text)
    UserEEPROMData_Init                      0x08003613   Thumb Code    36  userdata.o(.text)
    FaultData_Init                           0x08003637   Thumb Code    14  userdata.o(.text)
    UserData_Init                            0x08003645   Thumb Code    32  userdata.o(.text)
    FaultData_Save                           0x08003665   Thumb Code    32  userdata.o(.text)
    FaultData_Get                            0x08003685   Thumb Code    22  userdata.o(.text)
    SysEEPROMData_Set                        0x0800369b   Thumb Code    24  userdata.o(.text)
    UnitPublicEEPROMData_Get                 0x080036b3   Thumb Code    36  userdata.o(.text)
    UnitPublicEEPROMData_Set                 0x080036d7   Thumb Code    32  userdata.o(.text)
    GroupEEPROM_Clr                          0x080036f7   Thumb Code   220  userdata.o(.text)
    GroupEEPROM_Set                          0x080037d3   Thumb Code   206  userdata.o(.text)
    GroupEEPROM_Get                          0x080038a1   Thumb Code   132  userdata.o(.text)
    SceneEEPROMUnit_Init                     0x08003971   Thumb Code    72  userdata.o(.text)
    SceneEEPROM_Clr                          0x080039b9   Thumb Code    84  userdata.o(.text)
    SceneEEPROM_Set                          0x08003af1   Thumb Code   144  userdata.o(.text)
    SceneEEPROM_Get                          0x08003b81   Thumb Code    76  userdata.o(.text)
    EEPROM_Write                             0x08003bcd   Thumb Code    46  userdata.o(.text)
    EEPROM_Read                              0x08003bfb   Thumb Code    46  userdata.o(.text)
    UserDataDownload_Init                    0x08003c29   Thumb Code     8  userdatadownload.o(.text)
    UserDataDownload_Ready                   0x08003c31   Thumb Code   172  userdatadownload.o(.text)
    UserDataFrame_Save                       0x08003cdd   Thumb Code   120  userdatadownload.o(.text)
    UserDataFrame_Check                      0x08003d55   Thumb Code    78  userdatadownload.o(.text)
    DeviceResetCheck_Init                    0x08003db1   Thumb Code     2  devicereset.o(.text)
    Flash_Unlock                             0x08003db5   Thumb Code    12  flash.o(.text)
    Flash_lock                               0x08003dc1   Thumb Code    14  flash.o(.text)
    FLASH_ErasePage                          0x08003e17   Thumb Code    74  flash.o(.text)
    Flash_ProgramHalfWord                    0x08003e61   Thumb Code    68  flash.o(.text)
    Flash_Write                              0x08003ea5   Thumb Code    90  flash.o(.text)
    Flash_EraseOptionByte                    0x08003eff   Thumb Code    74  flash.o(.text)
    Flash_WriteOptionByte                    0x08003f49   Thumb Code    80  flash.o(.text)
    GPIOx_Cfg                                0x08003fa5   Thumb Code    92  gpio.o(.text)
    GPIOx_Set                                0x08004001   Thumb Code    22  gpio.o(.text)
    GPIOx_Rst                                0x08004017   Thumb Code    14  gpio.o(.text)
    GPIOx_Rvrs                               0x08004025   Thumb Code    14  gpio.o(.text)
    GPIOx_Get                                0x08004033   Thumb Code    14  gpio.o(.text)
    I2C_Init                                 0x08004063   Thumb Code    22  i2c.o(.text)
    IIC_GetState                             0x08004289   Thumb Code    40  i2c.o(.text)
    IIC_Read                                 0x080042b1   Thumb Code   102  i2c.o(.text)
    IIC_Write                                0x08004317   Thumb Code    80  i2c.o(.text)
    IIC_WriteSame                            0x08004367   Thumb Code    78  i2c.o(.text)
    Instruct_Run                             0x080043c3   Thumb Code    26  instruct.o(.text)
    Instruct_Init                            0x080043dd   Thumb Code    28  instruct.o(.text)
    Instruct                                 0x080043f9   Thumb Code    18  instruct.o(.text)
    Program_Erase                            0x08004411   Thumb Code    52  program.o(.text)
    Program_Write                            0x08004445   Thumb Code    44  program.o(.text)
    Program_Read                             0x08004471   Thumb Code    22  program.o(.text)
    Flash_DefaultValue                       0x08004487   Thumb Code     6  program.o(.text)
    Si4432_GetRSSI                           0x0800448d   Thumb Code     6  si4432.o(.text)
    Si4432_Idle                              0x08004577   Thumb Code    70  si4432.o(.text)
    Si4432_Init                              0x080046a5   Thumb Code   712  si4432.o(.text)
    EXTI15_10_IRQHandler                     0x08004b29   Thumb Code    20  si4432.o(.text)
    Si4432_Send                              0x08004bdd   Thumb Code    34  si4432.o(.text)
    SPI2_ReadWriteByte                       0x08004c2d   Thumb Code    82  spi.o(.text)
    SPI2_Init                                0x08004c7f   Thumb Code   166  spi.o(.text)
    SPI2_SetSpeed                            0x08004d25   Thumb Code    44  spi.o(.text)
    MY_NVIC_SetVectorTable                   0x08004d61   Thumb Code    12  sys.o(.text)
    MY_NVIC_PriorityGroupConfig              0x08004d6d   Thumb Code    36  sys.o(.text)
    MY_NVIC_Init                             0x08004d91   Thumb Code   158  sys.o(.text)
    Ex_NVIC_Config                           0x08004e2f   Thumb Code   146  sys.o(.text)
    SysHard_Init                             0x08004ee5   Thumb Code    18  syshard.o(.text)
    HardID_Check                             0x08004ef7   Thumb Code    20  syshard.o(.text)
    SysTick_Init                             0x08004f11   Thumb Code    42  systick.o(.text)
    Time_Get                                 0x08004f3b   Thumb Code     6  systick.o(.text)
    SysTick_Handler                          0x08004f41   Thumb Code    36  systick.o(.text)
    Test_Init                                0x08004f6d   Thumb Code    92  test.o(.text)
    UART_Init                                0x08004fd1   Thumb Code   132  usart.o(.text)
    UART_Write                               0x08005055   Thumb Code    50  usart.o(.text)
    UART_Send                                0x08005087   Thumb Code    44  usart.o(.text)
    USART1_IRQHandler                        0x080050b3   Thumb Code    30  usart.o(.text)
    WDG_Feed                                 0x080050e5   Thumb Code    10  wdg.o(.text)
    WDG_Init                                 0x080050ef   Thumb Code    50  wdg.o(.text)
    WDG_FeedOFF                              0x08005121   Thumb Code    12  wdg.o(.text)
    HardWDGTest_Attr                         0x0800512d   Thumb Code     6  wdg.o(.text)
    SystemInit                               0x08005215   Thumb Code    78  system_stm32f10x.o(.text)
    SystemCoreClockUpdate                    0x08005263   Thumb Code   142  system_stm32f10x.o(.text)
    Reset_Handler                            0x08005319   Thumb Code     8  startup_stm32f10x_md.o(.text)
    NMI_Handler                              0x08005321   Thumb Code     2  startup_stm32f10x_md.o(.text)
    HardFault_Handler                        0x08005323   Thumb Code     2  startup_stm32f10x_md.o(.text)
    MemManage_Handler                        0x08005325   Thumb Code     2  startup_stm32f10x_md.o(.text)
    BusFault_Handler                         0x08005327   Thumb Code     2  startup_stm32f10x_md.o(.text)
    UsageFault_Handler                       0x08005329   Thumb Code     2  startup_stm32f10x_md.o(.text)
    SVC_Handler                              0x0800532b   Thumb Code     2  startup_stm32f10x_md.o(.text)
    DebugMon_Handler                         0x0800532d   Thumb Code     2  startup_stm32f10x_md.o(.text)
    PendSV_Handler                           0x0800532f   Thumb Code     2  startup_stm32f10x_md.o(.text)
    ADC1_2_IRQHandler                        0x08005333   Thumb Code     0  startup_stm32f10x_md.o(.text)
    CAN1_RX1_IRQHandler                      0x08005333   Thumb Code     0  startup_stm32f10x_md.o(.text)
    CAN1_SCE_IRQHandler                      0x08005333   Thumb Code     0  startup_stm32f10x_md.o(.text)
    DMA1_Channel1_IRQHandler                 0x08005333   Thumb Code     0  startup_stm32f10x_md.o(.text)
    DMA1_Channel2_IRQHandler                 0x08005333   Thumb Code     0  startup_stm32f10x_md.o(.text)
    DMA1_Channel3_IRQHandler                 0x08005333   Thumb Code     0  startup_stm32f10x_md.o(.text)
    DMA1_Channel4_IRQHandler                 0x08005333   Thumb Code     0  startup_stm32f10x_md.o(.text)
    DMA1_Channel5_IRQHandler                 0x08005333   Thumb Code     0  startup_stm32f10x_md.o(.text)
    DMA1_Channel6_IRQHandler                 0x08005333   Thumb Code     0  startup_stm32f10x_md.o(.text)
    DMA1_Channel7_IRQHandler                 0x08005333   Thumb Code     0  startup_stm32f10x_md.o(.text)
    EXTI0_IRQHandler                         0x08005333   Thumb Code     0  startup_stm32f10x_md.o(.text)
    EXTI1_IRQHandler                         0x08005333   Thumb Code     0  startup_stm32f10x_md.o(.text)
    EXTI2_IRQHandler                         0x08005333   Thumb Code     0  startup_stm32f10x_md.o(.text)
    EXTI3_IRQHandler                         0x08005333   Thumb Code     0  startup_stm32f10x_md.o(.text)
    EXTI4_IRQHandler                         0x08005333   Thumb Code     0  startup_stm32f10x_md.o(.text)
    EXTI9_5_IRQHandler                       0x08005333   Thumb Code     0  startup_stm32f10x_md.o(.text)
    FLASH_IRQHandler                         0x08005333   Thumb Code     0  startup_stm32f10x_md.o(.text)
    I2C1_ER_IRQHandler                       0x08005333   Thumb Code     0  startup_stm32f10x_md.o(.text)
    I2C1_EV_IRQHandler                       0x08005333   Thumb Code     0  startup_stm32f10x_md.o(.text)
    I2C2_ER_IRQHandler                       0x08005333   Thumb Code     0  startup_stm32f10x_md.o(.text)
    I2C2_EV_IRQHandler                       0x08005333   Thumb Code     0  startup_stm32f10x_md.o(.text)
    PVD_IRQHandler                           0x08005333   Thumb Code     0  startup_stm32f10x_md.o(.text)
    RCC_IRQHandler                           0x08005333   Thumb Code     0  startup_stm32f10x_md.o(.text)
    RTCAlarm_IRQHandler                      0x08005333   Thumb Code     0  startup_stm32f10x_md.o(.text)
    RTC_IRQHandler                           0x08005333   Thumb Code     0  startup_stm32f10x_md.o(.text)
    SPI1_IRQHandler                          0x08005333   Thumb Code     0  startup_stm32f10x_md.o(.text)
    SPI2_IRQHandler                          0x08005333   Thumb Code     0  startup_stm32f10x_md.o(.text)
    TAMPER_IRQHandler                        0x08005333   Thumb Code     0  startup_stm32f10x_md.o(.text)
    TIM1_BRK_IRQHandler                      0x08005333   Thumb Code     0  startup_stm32f10x_md.o(.text)
    TIM1_CC_IRQHandler                       0x08005333   Thumb Code     0  startup_stm32f10x_md.o(.text)
    TIM1_TRG_COM_IRQHandler                  0x08005333   Thumb Code     0  startup_stm32f10x_md.o(.text)
    TIM1_UP_IRQHandler                       0x08005333   Thumb Code     0  startup_stm32f10x_md.o(.text)
    TIM2_IRQHandler                          0x08005333   Thumb Code     0  startup_stm32f10x_md.o(.text)
    TIM3_IRQHandler                          0x08005333   Thumb Code     0  startup_stm32f10x_md.o(.text)
    TIM4_IRQHandler                          0x08005333   Thumb Code     0  startup_stm32f10x_md.o(.text)
    USART2_IRQHandler                        0x08005333   Thumb Code     0  startup_stm32f10x_md.o(.text)
    USART3_IRQHandler                        0x08005333   Thumb Code     0  startup_stm32f10x_md.o(.text)
    USBWakeUp_IRQHandler                     0x08005333   Thumb Code     0  startup_stm32f10x_md.o(.text)
    USB_HP_CAN1_TX_IRQHandler                0x08005333   Thumb Code     0  startup_stm32f10x_md.o(.text)
    USB_LP_CAN1_RX0_IRQHandler               0x08005333   Thumb Code     0  startup_stm32f10x_md.o(.text)
    WWDG_IRQHandler                          0x08005333   Thumb Code     0  startup_stm32f10x_md.o(.text)
    __user_initial_stackheap                 0x08005335   Thumb Code     0  startup_stm32f10x_md.o(.text)
    main                                     0x08005355   Thumb Code    54  main.o(.text)
    UnitCnt_Get                              0x08005395   Thumb Code     4  unitcfg.o(.text)
    Unit_Init                                0x08005399   Thumb Code    64  unitcfg.o(.text)
    SigActParaInit                           0x080053e1   Thumb Code    30  sigactexeattr.o(.text)
    SigActEepromInit                         0x080053ff   Thumb Code     2  sigactexeattr.o(.text)
    Set_SigActSwitch_Attr                    0x08005401   Thumb Code    30  sigactexeattr.o(.text)
    Get_SigActSwitch_Attr                    0x0800541f   Thumb Code    22  sigactexeattr.o(.text)
    Set_SigActionTimer_Attr                  0x08005435   Thumb Code    74  sigactexeattr.o(.text)
    Set_SigPowerOnStatus_Attr                0x0800547f   Thumb Code    32  sigactexeattr.o(.text)
    Get_SigPowerOnStatus_Attr                0x0800549f   Thumb Code    42  sigactexeattr.o(.text)
    SigActInstruct                           0x080054c9   Thumb Code    22  sigactexeattr.o(.text)
    SingleUnit_Init                          0x080054f5   Thumb Code    10  singleunit.o(.text)
    Single_ON                                0x080054ff   Thumb Code    14  singleunit.o(.text)
    Single_OFF                               0x0800550d   Thumb Code    14  singleunit.o(.text)
    Single_Rvrs                              0x0800551b   Thumb Code    14  singleunit.o(.text)
    Single_State                             0x08005529   Thumb Code    22  singleunit.o(.text)
    Single_DelayOpt1                         0x0800553f   Thumb Code    30  singleunit.o(.text)
    Single_DelayOpt2                         0x0800555d   Thumb Code    30  singleunit.o(.text)
    Single_DelayClr                          0x0800557b   Thumb Code    44  singleunit.o(.text)
    SingleDrive_Init                         0x080055b1   Thumb Code    24  singledrive.o(.text)
    __use_two_region_memory                  0x080055c9   Thumb Code     2  heapauxi.o(.text)
    __rt_heap_escrow$2region                 0x080055cb   Thumb Code     2  heapauxi.o(.text)
    __rt_heap_expand$2region                 0x080055cd   Thumb Code     2  heapauxi.o(.text)
    __user_setup_stackheap                   0x080055cf   Thumb Code    74  sys_stackheap_outer.o(.text)
    exit                                     0x08005619   Thumb Code    12  exit.o(.text)
    __user_libspace                          0x08005625   Thumb Code     8  libspace.o(.text)
    __user_perproc_libspace                  0x08005625   Thumb Code     0  libspace.o(.text)
    __user_perthread_libspace                0x08005625   Thumb Code     0  libspace.o(.text)
    _sys_exit                                0x0800562d   Thumb Code     8  sys_exit.o(.text)
    __I$use$semihosting                      0x08005639   Thumb Code     0  use_no_semi.o(.text)
    __use_no_semihosting_swi                 0x08005639   Thumb Code     2  use_no_semi.o(.text)
    __semihosting_library_function           0x0800563b   Thumb Code     0  indicate_semi.o(.text)
    __aeabi_dadd                             0x0800563d   Thumb Code     0  daddsub_clz.o(x$fpl$dadd)
    _dadd                                    0x0800563d   Thumb Code   332  daddsub_clz.o(x$fpl$dadd)
    __aeabi_d2uiz                            0x0800578d   Thumb Code     0  dfixu.o(x$fpl$dfixu)
    _dfixu                                   0x0800578d   Thumb Code    90  dfixu.o(x$fpl$dfixu)
    __aeabi_ui2d                             0x080057e7   Thumb Code     0  dflt_clz.o(x$fpl$dfltu)
    _dfltu                                   0x080057e7   Thumb Code    38  dflt_clz.o(x$fpl$dfltu)
    __aeabi_dmul                             0x0800580d   Thumb Code     0  dmul.o(x$fpl$dmul)
    _dmul                                    0x0800580d   Thumb Code   332  dmul.o(x$fpl$dmul)
    __fpl_dnaninf                            0x08005961   Thumb Code   156  dnaninf.o(x$fpl$dnaninf)
    __fpl_dretinf                            0x080059fd   Thumb Code    12  dretinf.o(x$fpl$dretinf)
    __aeabi_dsub                             0x08005a09   Thumb Code     0  daddsub_clz.o(x$fpl$dsub)
    _dsub                                    0x08005a09   Thumb Code   464  daddsub_clz.o(x$fpl$dsub)
    __I$use$fp                               0x08005bdc   Number         0  usenofp.o(x$fpl$usenofp)
    CRCTable                                 0x08005be8   Data         512  crc.o(.constdata)
    SysAttrTable                             0x08005de8   Data         448  sysexeattr.o(.constdata)
    Si4432Cfg_Tab                            0x08005fa8   Data          21  si4432.o(.constdata)
    UnitTab                                  0x08005fc4   Data          32  unitcfg.o(.constdata)
    SigActAttrTable                          0x08005fe4   Data          48  sigactexeattr.o(.constdata)
    Region$$Table$$Base                      0x08006014   Number         0  anon$$obj.o(Region$$Table)
    Region$$Table$$Limit                     0x08006034   Number         0  anon$$obj.o(Region$$Table)
    DelayID                                  0x20000008   Data           4  object.o(.data)
    PACK_SIZE                                0x2000000c   Data           1  updata.o(.data)
    err                                      0x2000000d   Data           1  updata.o(.data)
    Test                                     0x20000028   Data           4  test.o(.data)
    SystemCoreClock                          0x2000002c   Data           4  system_stm32f10x.o(.data)
    AHBPrescTable                            0x20000030   Data          16  system_stm32f10x.o(.data)
    rcv433fifo                               0x20000040   Data          16  cmdprocess.o(.bss)
    send433fifo                              0x20000050   Data          16  cmdprocess.o(.bss)
    rcvBuf                                   0x20000060   Data        1024  cmdprocess.o(.bss)
    rcv_433                                  0x20000860   Data         264  cmdprocess.o(.bss)
    send_433                                 0x20000968   Data         264  cmdprocess.o(.bss)
    propfifo                                 0x20000a70   Data          16  linkscanfifo.o(.bss)
    propbuf                                  0x20000a80   Data         128  linkscanfifo.o(.bss)
    ALink                                    0x20000b00   Data        1651  linksimplest.o(.bss)
    IAP_FLAG                                 0x2000129c   Data          16  updata.o(.bss)
    PACK_ID                                  0x200012ac   Data         128  updata.o(.bss)
    gSysData                                 0x2000132c   Data           9  userdata.o(.bss)
    UserDownload                             0x20001338   Data          40  userdatadownload.o(.bss)
    gUnitData                                0x20001360   Data          16  unitcfg.o(.bss)
    gSigActTime                              0x20001370   Data          16  singleunit.o(.bss)
    __libspace_start                         0x20001380   Data          96  libspace.o(.bss)
    __temporary_stack_top$libspace           0x200013e0   Data           0  libspace.o(.bss)



==============================================================================

Memory Map of the image

  Image Entry point : 0x080008ed

  Load Region LR_IROM1 (Base: 0x08000800, Size: 0x00005874, Max: 0x00010000, ABSOLUTE)

    Execution Region ER_IROM1 (Base: 0x08000800, Size: 0x00005834, Max: 0x00010000, ABSOLUTE)

    Base Addr    Size         Type   Attr      Idx    E Section Name        Object

    0x08000800   0x000000ec   Data   RO          770    RESET               startup_stm32f10x_md.o
    0x080008ec   0x00000008   Code   RO          874  * !!!main             c_w.l(__main.o)
    0x080008f4   0x00000034   Code   RO         1051    !!!scatter          c_w.l(__scatter.o)
    0x08000928   0x0000001a   Code   RO         1053    !!handler_copy      c_w.l(__scatter_copy.o)
    0x08000942   0x00000002   PAD
    0x08000944   0x0000001c   Code   RO         1055    !!handler_zi        c_w.l(__scatter_zi.o)
    0x08000960   0x00000002   Code   RO          924    .ARM.Collect$$libinit$$00000000  c_w.l(libinit.o)
    0x08000962   0x00000000   Code   RO          931    .ARM.Collect$$libinit$$00000002  c_w.l(libinit2.o)
    0x08000962   0x00000000   Code   RO          934    .ARM.Collect$$libinit$$00000008  c_w.l(libinit2.o)
    0x08000962   0x00000000   Code   RO          936    .ARM.Collect$$libinit$$0000000A  c_w.l(libinit2.o)
    0x08000962   0x00000000   Code   RO          938    .ARM.Collect$$libinit$$0000000C  c_w.l(libinit2.o)
    0x08000962   0x00000000   Code   RO          941    .ARM.Collect$$libinit$$0000000F  c_w.l(libinit2.o)
    0x08000962   0x00000000   Code   RO          943    .ARM.Collect$$libinit$$00000011  c_w.l(libinit2.o)
    0x08000962   0x00000000   Code   RO          945    .ARM.Collect$$libinit$$00000013  c_w.l(libinit2.o)
    0x08000962   0x00000000   Code   RO          947    .ARM.Collect$$libinit$$00000015  c_w.l(libinit2.o)
    0x08000962   0x00000000   Code   RO          949    .ARM.Collect$$libinit$$00000017  c_w.l(libinit2.o)
    0x08000962   0x00000000   Code   RO          951    .ARM.Collect$$libinit$$00000019  c_w.l(libinit2.o)
    0x08000962   0x00000000   Code   RO          953    .ARM.Collect$$libinit$$0000001B  c_w.l(libinit2.o)
    0x08000962   0x00000000   Code   RO          955    .ARM.Collect$$libinit$$0000001D  c_w.l(libinit2.o)
    0x08000962   0x00000000   Code   RO          957    .ARM.Collect$$libinit$$0000001F  c_w.l(libinit2.o)
    0x08000962   0x00000000   Code   RO          959    .ARM.Collect$$libinit$$00000021  c_w.l(libinit2.o)
    0x08000962   0x00000000   Code   RO          961    .ARM.Collect$$libinit$$00000023  c_w.l(libinit2.o)
    0x08000962   0x00000000   Code   RO          965    .ARM.Collect$$libinit$$0000002A  c_w.l(libinit2.o)
    0x08000962   0x00000000   Code   RO          967    .ARM.Collect$$libinit$$0000002C  c_w.l(libinit2.o)
    0x08000962   0x00000000   Code   RO          969    .ARM.Collect$$libinit$$0000002E  c_w.l(libinit2.o)
    0x08000962   0x00000000   Code   RO          971    .ARM.Collect$$libinit$$00000030  c_w.l(libinit2.o)
    0x08000962   0x00000002   Code   RO          972    .ARM.Collect$$libinit$$00000031  c_w.l(libinit2.o)
    0x08000964   0x00000002   Code   RO          992    .ARM.Collect$$libshutdown$$00000000  c_w.l(libshutdown.o)
    0x08000966   0x00000000   Code   RO         1006    .ARM.Collect$$libshutdown$$00000003  c_w.l(libshutdown2.o)
    0x08000966   0x00000000   Code   RO         1009    .ARM.Collect$$libshutdown$$00000006  c_w.l(libshutdown2.o)
    0x08000966   0x00000000   Code   RO         1012    .ARM.Collect$$libshutdown$$00000009  c_w.l(libshutdown2.o)
    0x08000966   0x00000000   Code   RO         1014    .ARM.Collect$$libshutdown$$0000000B  c_w.l(libshutdown2.o)
    0x08000966   0x00000000   Code   RO         1017    .ARM.Collect$$libshutdown$$0000000E  c_w.l(libshutdown2.o)
    0x08000966   0x00000002   Code   RO         1018    .ARM.Collect$$libshutdown$$0000000F  c_w.l(libshutdown2.o)
    0x08000968   0x00000000   Code   RO          894    .ARM.Collect$$rtentry$$00000000  c_w.l(rtentry.o)
    0x08000968   0x00000000   Code   RO          901    .ARM.Collect$$rtentry$$00000002  c_w.l(rtentry2.o)
    0x08000968   0x00000006   Code   RO          913    .ARM.Collect$$rtentry$$00000004  c_w.l(rtentry4.o)
    0x0800096e   0x00000000   Code   RO          903    .ARM.Collect$$rtentry$$00000009  c_w.l(rtentry2.o)
    0x0800096e   0x00000004   Code   RO          904    .ARM.Collect$$rtentry$$0000000A  c_w.l(rtentry2.o)
    0x08000972   0x00000000   Code   RO          906    .ARM.Collect$$rtentry$$0000000C  c_w.l(rtentry2.o)
    0x08000972   0x00000008   Code   RO          907    .ARM.Collect$$rtentry$$0000000D  c_w.l(rtentry2.o)
    0x0800097a   0x00000002   Code   RO          928    .ARM.Collect$$rtexit$$00000000  c_w.l(rtexit.o)
    0x0800097c   0x00000000   Code   RO          974    .ARM.Collect$$rtexit$$00000002  c_w.l(rtexit2.o)
    0x0800097c   0x00000004   Code   RO          975    .ARM.Collect$$rtexit$$00000003  c_w.l(rtexit2.o)
    0x08000980   0x00000006   Code   RO          976    .ARM.Collect$$rtexit$$00000004  c_w.l(rtexit2.o)
    0x08000986   0x00000090   Code   RO            1    .text               bestfulib.o
    0x08000a16   0x00000002   PAD
    0x08000a18   0x0000029c   Code   RO           18    .text               cmdprocess.o
    0x08000cb4   0x0000016c   Code   RO           72    .text               command.o
    0x08000e20   0x00000038   Code   RO           89    .text               crc.o
    0x08000e58   0x00000034   Code   RO          104    .text               delay.o
    0x08000e8c   0x00000150   Code   RO          125    .text               eeprom.o
    0x08000fdc   0x00000050   Code   RO          149    .text               faultmanage.o
    0x0800102c   0x00000296   Code   RO          167    .text               fifo.o
    0x080012c2   0x00000002   PAD
    0x080012c4   0x000001dc   Code   RO          179    .text               flashattr.o
    0x080014a0   0x00000090   Code   RO          202    .text               linkscanfifo.o
    0x08001530   0x00000390   Code   RO          237    .text               linksimplest.o
    0x080018c0   0x00000244   Code   RO          264    .text               linksrc.o
    0x08001b04   0x000002f8   Code   RO          276    .text               linkwrdc.o
    0x08001dfc   0x00000158   Code   RO          292    .text               msgpackage.o
    0x08001f54   0x00000394   Code   RO          310    .text               object.o
    0x080022e8   0x00000378   Code   RO          329    .text               scene&group.o
    0x08002660   0x0000065c   Code   RO          348    .text               sysexeattr.o
    0x08002cbc   0x00000064   Code   RO          375    .text               systestattr.o
    0x08002d20   0x00000358   Code   RO          401    .text               thread.o
    0x08003078   0x00000220   Code   RO          418    .text               unitshare_attr.o
    0x08003298   0x000001f4   Code   RO          430    .text               updata.o
    0x0800348c   0x00000060   Code   RO          446    .text               upload.o
    0x080034ec   0x0000073c   Code   RO          458    .text               userdata.o
    0x08003c28   0x00000188   Code   RO          506    .text               userdatadownload.o
    0x08003db0   0x00000002   Code   RO          524    .text               devicereset.o
    0x08003db2   0x00000002   PAD
    0x08003db4   0x000001f0   Code   RO          539    .text               flash.o
    0x08003fa4   0x000000a4   Code   RO          568    .text               gpio.o
    0x08004048   0x0000036c   Code   RO          580    .text               i2c.o
    0x080043b4   0x0000005c   Code   RO          592    .text               instruct.o
    0x08004410   0x0000007c   Code   RO          604    .text               program.o
    0x0800448c   0x000007a0   Code   RO          619    .text               si4432.o
    0x08004c2c   0x00000134   Code   RO          644    .text               spi.o
    0x08004d60   0x00000184   Code   RO          660    .text               sys.o
    0x08004ee4   0x0000002c   Code   RO          676    .text               syshard.o
    0x08004f10   0x0000005c   Code   RO          688    .text               systick.o
    0x08004f6c   0x00000064   Code   RO          702    .text               test.o
    0x08004fd0   0x00000114   Code   RO          720    .text               usart.o
    0x080050e4   0x00000054   Code   RO          735    .text               wdg.o
    0x08005138   0x000001e0   Code   RO          750    .text               system_stm32f10x.o
    0x08005318   0x0000003c   Code   RO          771    .text               startup_stm32f10x_md.o
    0x08005354   0x00000040   Code   RO          775    .text               main.o
    0x08005394   0x0000004c   Code   RO          787    .text               unitcfg.o
    0x080053e0   0x00000114   Code   RO          814    .text               sigactexeattr.o
    0x080054f4   0x000000bc   Code   RO          837    .text               singleunit.o
    0x080055b0   0x00000018   Code   RO          858    .text               singledrive.o
    0x080055c8   0x00000006   Code   RO          872    .text               c_w.l(heapauxi.o)
    0x080055ce   0x0000004a   Code   RO          915    .text               c_w.l(sys_stackheap_outer.o)
    0x08005618   0x0000000c   Code   RO          917    .text               c_w.l(exit.o)
    0x08005624   0x00000008   Code   RO          925    .text               c_w.l(libspace.o)
    0x0800562c   0x0000000c   Code   RO          984    .text               c_w.l(sys_exit.o)
    0x08005638   0x00000002   Code   RO          995    .text               c_w.l(use_no_semi.o)
    0x0800563a   0x00000000   Code   RO          997    .text               c_w.l(indicate_semi.o)
    0x0800563a   0x00000002   PAD
    0x0800563c   0x00000150   Code   RO          876    x$fpl$dadd          fz_ws.l(daddsub_clz.o)
    0x0800578c   0x0000005a   Code   RO          882    x$fpl$dfixu         fz_ws.l(dfixu.o)
    0x080057e6   0x00000026   Code   RO          886    x$fpl$dfltu         fz_ws.l(dflt_clz.o)
    0x0800580c   0x00000154   Code   RO          892    x$fpl$dmul          fz_ws.l(dmul.o)
    0x08005960   0x0000009c   Code   RO          895    x$fpl$dnaninf       fz_ws.l(dnaninf.o)
    0x080059fc   0x0000000c   Code   RO          897    x$fpl$dretinf       fz_ws.l(dretinf.o)
    0x08005a08   0x000001d4   Code   RO          878    x$fpl$dsub          fz_ws.l(daddsub_clz.o)
    0x08005bdc   0x00000000   Code   RO          899    x$fpl$usenofp       fz_ws.l(usenofp.o)
    0x08005bdc   0x0000000c   Data   RO           73    .constdata          command.o
    0x08005be8   0x00000200   Data   RO           90    .constdata          crc.o
    0x08005de8   0x000001c0   Data   RO          349    .constdata          sysexeattr.o
    0x08005fa8   0x00000019   Data   RO          620    .constdata          si4432.o
    0x08005fc1   0x00000003   PAD
    0x08005fc4   0x00000020   Data   RO          789    .constdata          unitcfg.o
    0x08005fe4   0x00000030   Data   RO          815    .constdata          sigactexeattr.o
    0x08006014   0x00000020   Data   RO         1049    Region$$Table       anon$$obj.o


    Execution Region RW_IRAM1 (Base: 0x20000000, Size: 0x00001fe0, Max: 0x00005000, ABSOLUTE)

    Base Addr    Size         Type   Attr      Idx    E Section Name        Object

    0x20000000   0x00000002   Data   RW          180    .data               flashattr.o
    0x20000002   0x00000001   Data   RW          293    .data               msgpackage.o
    0x20000003   0x00000001   PAD
    0x20000004   0x00000008   Data   RW          312    .data               object.o
    0x2000000c   0x00000002   Data   RW          432    .data               updata.o
    0x2000000e   0x00000002   PAD
    0x20000010   0x00000011   Data   RW          621    .data               si4432.o
    0x20000021   0x00000003   PAD
    0x20000024   0x00000004   Data   RW          689    .data               systick.o
    0x20000028   0x00000004   Data   RW          703    .data               test.o
    0x2000002c   0x00000014   Data   RW          751    .data               system_stm32f10x.o
    0x20000040   0x00000a30   Zero   RW           19    .bss                cmdprocess.o
    0x20000a70   0x00000090   Zero   RW          203    .bss                linkscanfifo.o
    0x20000b00   0x00000673   Zero   RW          238    .bss                linksimplest.o
    0x20001173   0x00000001   PAD
    0x20001174   0x00000032   Zero   RW          311    .bss                object.o
    0x200011a6   0x00000002   PAD
    0x200011a8   0x000000f4   Zero   RW          402    .bss                thread.o
    0x2000129c   0x00000090   Zero   RW          431    .bss                updata.o
    0x2000132c   0x00000009   Zero   RW          459    .bss                userdata.o
    0x20001335   0x00000003   PAD
    0x20001338   0x00000028   Zero   RW          507    .bss                userdatadownload.o
    0x20001360   0x00000010   Zero   RW          788    .bss                unitcfg.o
    0x20001370   0x00000010   Zero   RW          838    .bss                singleunit.o
    0x20001380   0x00000060   Zero   RW          926    .bss                c_w.l(libspace.o)
    0x200013e0   0x00000000   Zero   RW          769    HEAP                startup_stm32f10x_md.o
    0x200013e0   0x00000c00   Zero   RW          768    STACK               startup_stm32f10x_md.o


==============================================================================

Image component sizes


      Code (inc. data)   RO Data    RW Data    ZI Data      Debug   Object Name

       144          0          0          0          0       3007   bestfulib.o
       668         62          0          0       2608       9595   cmdprocess.o
       364          8         12          0          0       1482   command.o
        56          4        512          0          0       1053   crc.o
        52          0          0          0          0        604   delay.o
         2          0          0          0          0        388   devicereset.o
       336          0          0          0          0       3023   eeprom.o
        80          4          0          0          0        907   faultmanage.o
       662          0          0          0          0       3810   fifo.o
       496         12          0          0          0     206664   flash.o
       476         20          0          2          0       3367   flashattr.o
       164          8          0          0          0       1577   gpio.o
       876          0          0          0          0       3401   i2c.o
        92          6          0          0          0        738   instruct.o
       144         12          0          0        144       1889   linkscanfifo.o
       912          6          0          0       1651       5290   linksimplest.o
       580         34          0          0          0       2069   linksrc.o
       760          6          0          0          0       5429   linkwrdc.o
        64         10          0          0          0        435   main.o
       344         16          0          1          0       2462   msgpackage.o
       916         30          0          8         50       2540   object.o
       124          0          0          0          0       1598   program.o
       888          0          0          0          0       2690   scene&group.o
      1952         76         25         17          0       4650   si4432.o
       276         22         48          0          0       3141   sigactexeattr.o
        24          0          0          0          0        431   singledrive.o
       188         10          0          0         16       1996   singleunit.o
       308         16          0          0          0        921   spi.o
        60         22        236          0       3072        736   startup_stm32f10x_md.o
       388         36          0          0          0       1469   sys.o
      1628         26        448          0          0       8902   sysexeattr.o
        44          6          0          0          0        640   syshard.o
       480         40          0         20          0       1679   system_stm32f10x.o
       100         16          0          0          0       1106   systestattr.o
        92          8          0          4          0        912   systick.o
       100          8          0          4          0        591   test.o
       856         10          0          0        244       3152   thread.o
        76          8         32          0         16       2716   unitcfg.o
       544         10          0          0          0       2136   unitshare_attr.o
       500         20          0          2        144       3233   updata.o
        96          6          0          0          0        706   upload.o
       276         20          0          0          0       1519   usart.o
      1852         18          0          0          9      11560   userdata.o
       392         14          0          0         40       2113   userdatadownload.o
        84          6          0          0          0       1241   wdg.o

    ----------------------------------------------------------------------
     19522        636       1348         64       8000     319568   Object Totals
         0          0         32          0          0          0   (incl. Generated)
         6          0          3          6          6          0   (incl. Padding)

    ----------------------------------------------------------------------

      Code (inc. data)   RO Data    RW Data    ZI Data      Debug   Library Member Name

         8          0          0          0          0         68   __main.o
        52          8          0          0          0          0   __scatter.o
        26          0          0          0          0          0   __scatter_copy.o
        28          0          0          0          0          0   __scatter_zi.o
        12          0          0          0          0         72   exit.o
         6          0          0          0          0        152   heapauxi.o
         0          0          0          0          0          0   indicate_semi.o
         2          0          0          0          0          0   libinit.o
         2          0          0          0          0          0   libinit2.o
         2          0          0          0          0          0   libshutdown.o
         2          0          0          0          0          0   libshutdown2.o
         8          4          0          0         96         68   libspace.o
         0          0          0          0          0          0   rtentry.o
        12          0          0          0          0          0   rtentry2.o
         6          0          0          0          0          0   rtentry4.o
         2          0          0          0          0          0   rtexit.o
        10          0          0          0          0          0   rtexit2.o
        12          4          0          0          0         68   sys_exit.o
        74          0          0          0          0         80   sys_stackheap_outer.o
         2          0          0          0          0         68   use_no_semi.o
       804         16          0          0          0        272   daddsub_clz.o
        90          4          0          0          0         92   dfixu.o
        38          0          0          0          0         68   dflt_clz.o
       340         12          0          0          0        104   dmul.o
       156          4          0          0          0         92   dnaninf.o
        12          0          0          0          0         68   dretinf.o
         0          0          0          0          0          0   usenofp.o

    ----------------------------------------------------------------------
      1710         52          0          0         96       1272   Library Totals
         4          0          0          0          0          0   (incl. Padding)

    ----------------------------------------------------------------------

      Code (inc. data)   RO Data    RW Data    ZI Data      Debug   Library Name

       266         16          0          0         96        576   c_w.l
      1440         36          0          0          0        696   fz_ws.l

    ----------------------------------------------------------------------
      1710         52          0          0         96       1272   Library Totals

    ----------------------------------------------------------------------

==============================================================================


      Code (inc. data)   RO Data    RW Data    ZI Data      Debug   

     21232        688       1348         64       8096     317200   Grand Totals
     21232        688       1348         64       8096     317200   ELF Image Totals
     21232        688       1348         64          0          0   ROM Totals

==============================================================================

    Total RO  Size (Code + RO Data)                22580 (  22.05kB)
    Total RW  Size (RW Data + ZI Data)              8160 (   7.97kB)
    Total ROM Size (Code + RO Data + RW Data)      22644 (  22.11kB)

==============================================================================

